
> zephyr-desktop@0.1.0 test:unit
> vitest run --run

[33mThe CJS build of Vite's Node API is deprecated. See https://vite.dev/guide/troubleshooting.html#vite-cjs-node-api-deprecated for more details.[39m

[1m[46m RUN [49m[22m [36mv4.0.18 [39m[90m/home/ralph/app[39m

[90mstderr[2m | tests/unit/loop-runner.test.ts[2m > [22m[2mLoopRunner[2m > [22m[2mstate change callbacks[2m > [22m[2mdoes not throw if callback throws
[22m[39mError in state change callback: Error: Callback error
    at [90m/home/ralph/app/[39mtests/unit/loop-runner.test.ts:464:15
    at Mock [90m(file:///home/ralph/app/[39mnode_modules/[4m@vitest/spy[24m/dist/index.js:285:34[90m)[39m
    at [90m/home/ralph/app/[39msrc/services/loop-runner.ts:387:9
    at Set.forEach (<anonymous>)
    at LoopRunner.updateState [90m(/home/ralph/app/[39msrc/services/loop-runner.ts:385:25[90m)[39m
    at LoopRunner.startLoop [90m(/home/ralph/app/[39msrc/services/loop-runner.ts:118:12[90m)[39m
    at [90m/home/ralph/app/[39mtests/unit/loop-runner.test.ts:471:20
    at [90mfile:///home/ralph/app/[39mnode_modules/[4m@vitest/runner[24m/dist/index.js:145:11
    at [90mfile:///home/ralph/app/[39mnode_modules/[4m@vitest/runner[24m/dist/index.js:915:26
    at [90mfile:///home/ralph/app/[39mnode_modules/[4m@vitest/runner[24m/dist/index.js:1243:20

[90mstderr[2m | tests/unit/loop-runner.test.ts[2m > [22m[2mLoopRunner[2m > [22m[2mstate change callbacks[2m > [22m[2mdoes not throw if callback throws
[22m[39mError in state change callback: Error: Callback error
    at [90m/home/ralph/app/[39mtests/unit/loop-runner.test.ts:464:15
    at Mock [90m(file:///home/ralph/app/[39mnode_modules/[4m@vitest/spy[24m/dist/index.js:285:34[90m)[39m
    at [90m/home/ralph/app/[39msrc/services/loop-runner.ts:387:9
    at Set.forEach (<anonymous>)
    at LoopRunner.updateState [90m(/home/ralph/app/[39msrc/services/loop-runner.ts:385:25[90m)[39m
    at LoopRunner.startLoop [90m(/home/ralph/app/[39msrc/services/loop-runner.ts:134:12[90m)[39m
    at [90m/home/ralph/app/[39mtests/unit/loop-runner.test.ts:471:7
    at [90mfile:///home/ralph/app/[39mnode_modules/[4m@vitest/runner[24m/dist/index.js:915:20

[90mstderr[2m | tests/unit/loop-runner.test.ts[2m > [22m[2mLoopRunner[2m > [22m[2mstate change callbacks[2m > [22m[2mdoes not throw if callback throws
[22m[39mError in state change callback: Error: Callback error
    at [90m/home/ralph/app/[39mtests/unit/loop-runner.test.ts:464:15
    at Mock [90m(file:///home/ralph/app/[39mnode_modules/[4m@vitest/spy[24m/dist/index.js:285:34[90m)[39m
    at [90m/home/ralph/app/[39msrc/services/loop-runner.ts:387:9
    at Set.forEach (<anonymous>)
    at LoopRunner.updateState [90m(/home/ralph/app/[39msrc/services/loop-runner.ts:385:25[90m)[39m
    at LoopRunner.startLoop [90m(/home/ralph/app/[39msrc/services/loop-runner.ts:140:12[90m)[39m
    at [90m/home/ralph/app/[39mtests/unit/loop-runner.test.ts:471:7
    at [90mfile:///home/ralph/app/[39mnode_modules/[4m@vitest/runner[24m/dist/index.js:915:20

 [32m✓[39m tests/unit/loop-runner.test.ts [2m([22m[2m36 tests[22m[2m)[22m[33m 338[2mms[22m[39m
 [32m✓[39m tests/unit/import-export.test.ts [2m([22m[2m15 tests[22m[2m)[22m[32m 269[2mms[22m[39m
 [32m✓[39m tests/unit/use-toast.test.tsx [2m([22m[2m34 tests[22m[2m)[22m[32m 262[2mms[22m[39m
[90mstderr[2m | tests/unit/use-docker-status.test.tsx[2m > [22m[2museDockerStatus Hook[2m > [22m[2mInitial Status Query[2m > [22m[2mstarts with disconnected state before initial query completes
[22m[39mWarning: An update to TestComponent inside a test was not wrapped in act(...).

When testing, code that causes React state updates should be wrapped into act(...):

act(() => {
  /* fire events that update state */
});
/* assert on the output */

This ensures that you're testing the behavior the user would see in the browser. Learn more at https://reactjs.org/link/wrap-tests-with-act
    at TestComponent (/home/ralph/app/node_modules/@testing-library/react/dist/pure.js:328:5)

[90mstderr[2m | tests/unit/use-docker-status.test.tsx[2m > [22m[2museDockerStatus Hook[2m > [22m[2mStatus Change Subscription[2m > [22m[2mupdates status when Docker connects
[22m[39mWarning: An update to TestComponent inside a test was not wrapped in act(...).

When testing, code that causes React state updates should be wrapped into act(...):

act(() => {
  /* fire events that update state */
});
/* assert on the output */

This ensures that you're testing the behavior the user would see in the browser. Learn more at https://reactjs.org/link/wrap-tests-with-act
    at TestComponent (/home/ralph/app/node_modules/@testing-library/react/dist/pure.js:328:5)

[90mstderr[2m | tests/unit/use-docker-status.test.tsx[2m > [22m[2museDockerStatus Hook[2m > [22m[2mStatus Change Subscription[2m > [22m[2mupdates status when Docker disconnects
[22m[39mWarning: An update to TestComponent inside a test was not wrapped in act(...).

When testing, code that causes React state updates should be wrapped into act(...):

act(() => {
  /* fire events that update state */
});
/* assert on the output */

This ensures that you're testing the behavior the user would see in the browser. Learn more at https://reactjs.org/link/wrap-tests-with-act
    at TestComponent (/home/ralph/app/node_modules/@testing-library/react/dist/pure.js:328:5)

[90mstderr[2m | tests/unit/use-docker-status.test.tsx[2m > [22m[2museDockerStatus Hook[2m > [22m[2mStatus Change Subscription[2m > [22m[2mhandles multiple status changes
[22m[39mWarning: An update to TestComponent inside a test was not wrapped in act(...).

When testing, code that causes React state updates should be wrapped into act(...):

act(() => {
  /* fire events that update state */
});
/* assert on the output */

This ensures that you're testing the behavior the user would see in the browser. Learn more at https://reactjs.org/link/wrap-tests-with-act
    at TestComponent (/home/ralph/app/node_modules/@testing-library/react/dist/pure.js:328:5)

[90mstderr[2m | tests/unit/use-docker-status.test.tsx[2m > [22m[2museDockerStatus Hook[2m > [22m[2mStatus Change Subscription[2m > [22m[2mhandles multiple status changes
[22m[39mWarning: An update to TestComponent inside a test was not wrapped in act(...).

When testing, code that causes React state updates should be wrapped into act(...):

act(() => {
  /* fire events that update state */
});
/* assert on the output */

This ensures that you're testing the behavior the user would see in the browser. Learn more at https://reactjs.org/link/wrap-tests-with-act
    at TestComponent (/home/ralph/app/node_modules/@testing-library/react/dist/pure.js:328:5)

[90mstderr[2m | tests/unit/status-bar.test.tsx[2m > [22m[2mStatusBar Component[2m > [22m[2mDocker Status Display[2m > [22m[2mupdates status when Docker connection changes
[22m[39mWarning: An update to StatusBar inside a test was not wrapped in act(...).

When testing, code that causes React state updates should be wrapped into act(...):

act(() => {
  /* fire events that update state */
});
/* assert on the output */

This ensures that you're testing the behavior the user would see in the browser. Learn more at https://reactjs.org/link/wrap-tests-with-act
    at StatusBar (/home/ralph/app/src/renderer/components/StatusBar/StatusBar.tsx:6:22)

[90mstderr[2m | tests/unit/status-bar.test.tsx[2m > [22m[2mStatusBar Component[2m > [22m[2mActive Loop Count Display[2m > [22m[2mdoes not display loop count when no loops are active
[22m[39mWarning: An update to StatusBar inside a test was not wrapped in act(...).

When testing, code that causes React state updates should be wrapped into act(...):

act(() => {
  /* fire events that update state */
});
/* assert on the output */

This ensures that you're testing the behavior the user would see in the browser. Learn more at https://reactjs.org/link/wrap-tests-with-act
    at StatusBar (/home/ralph/app/src/renderer/components/StatusBar/StatusBar.tsx:6:22)

[90mstderr[2m | tests/unit/use-docker-status.test.tsx[2m > [22m[2museDockerStatus Hook[2m > [22m[2mConcurrent Operations[2m > [22m[2mhandles rapid status changes correctly
[22m[39mWarning: An update to TestComponent inside a test was not wrapped in act(...).

When testing, code that causes React state updates should be wrapped into act(...):

act(() => {
  /* fire events that update state */
});
/* assert on the output */

This ensures that you're testing the behavior the user would see in the browser. Learn more at https://reactjs.org/link/wrap-tests-with-act
    at TestComponent (/home/ralph/app/node_modules/@testing-library/react/dist/pure.js:328:5)
Warning: An update to TestComponent inside a test was not wrapped in act(...).

When testing, code that causes React state updates should be wrapped into act(...):

act(() => {
  /* fire events that update state */
});
/* assert on the output */

This ensures that you're testing the behavior the user would see in the browser. Learn more at https://reactjs.org/link/wrap-tests-with-act
    at TestComponent (/home/ralph/app/node_modules/@testing-library/react/dist/pure.js:328:5)
Warning: An update to TestComponent inside a test was not wrapped in act(...).

When testing, code that causes React state updates should be wrapped into act(...):

act(() => {
  /* fire events that update state */
});
/* assert on the output */

This ensures that you're testing the behavior the user would see in the browser. Learn more at https://reactjs.org/link/wrap-tests-with-act
    at TestComponent (/home/ralph/app/node_modules/@testing-library/react/dist/pure.js:328:5)
Warning: An update to TestComponent inside a test was not wrapped in act(...).

When testing, code that causes React state updates should be wrapped into act(...):

act(() => {
  /* fire events that update state */
});
/* assert on the output */

This ensures that you're testing the behavior the user would see in the browser. Learn more at https://reactjs.org/link/wrap-tests-with-act
    at TestComponent (/home/ralph/app/node_modules/@testing-library/react/dist/pure.js:328:5)

[90mstderr[2m | tests/unit/use-docker-status.test.tsx[2m > [22m[2museDockerStatus Hook[2m > [22m[2mConcurrent Operations[2m > [22m[2mignores status updates during initial query
[22m[39mWarning: An update to TestComponent inside a test was not wrapped in act(...).

When testing, code that causes React state updates should be wrapped into act(...):

act(() => {
  /* fire events that update state */
});
/* assert on the output */

This ensures that you're testing the behavior the user would see in the browser. Learn more at https://reactjs.org/link/wrap-tests-with-act
    at TestComponent (/home/ralph/app/node_modules/@testing-library/react/dist/pure.js:328:5)

[90mstderr[2m | tests/unit/status-bar.test.tsx[2m > [22m[2mStatusBar Component[2m > [22m[2mApp Version Display[2m > [22m[2mdoes not display version when not provided
[22m[39mWarning: An update to StatusBar inside a test was not wrapped in act(...).

When testing, code that causes React state updates should be wrapped into act(...):

act(() => {
  /* fire events that update state */
});
/* assert on the output */

This ensures that you're testing the behavior the user would see in the browser. Learn more at https://reactjs.org/link/wrap-tests-with-act
    at StatusBar (/home/ralph/app/src/renderer/components/StatusBar/StatusBar.tsx:6:22)

[90mstderr[2m | tests/unit/status-bar.test.tsx[2m > [22m[2mStatusBar Component[2m > [22m[2mApp Version Display[2m > [22m[2mdisplays app version when provided
[22m[39mWarning: An update to StatusBar inside a test was not wrapped in act(...).

When testing, code that causes React state updates should be wrapped into act(...):

act(() => {
  /* fire events that update state */
});
/* assert on the output */

This ensures that you're testing the behavior the user would see in the browser. Learn more at https://reactjs.org/link/wrap-tests-with-act
    at StatusBar (/home/ralph/app/src/renderer/components/StatusBar/StatusBar.tsx:6:22)

[90mstderr[2m | tests/unit/status-bar.test.tsx[2m > [22m[2mStatusBar Component[2m > [22m[2mApp Version Display[2m > [22m[2mdisplays version with correct styling
[22m[39mWarning: An update to StatusBar inside a test was not wrapped in act(...).

When testing, code that causes React state updates should be wrapped into act(...):

act(() => {
  /* fire events that update state */
});
/* assert on the output */

This ensures that you're testing the behavior the user would see in the browser. Learn more at https://reactjs.org/link/wrap-tests-with-act
    at StatusBar (/home/ralph/app/src/renderer/components/StatusBar/StatusBar.tsx:6:22)

[90mstderr[2m | tests/unit/status-bar.test.tsx[2m > [22m[2mStatusBar Component[2m > [22m[2mLayout and Styling[2m > [22m[2mrenders with fixed positioning at bottom
[22m[39mWarning: An update to StatusBar inside a test was not wrapped in act(...).

When testing, code that causes React state updates should be wrapped into act(...):

act(() => {
  /* fire events that update state */
});
/* assert on the output */

This ensures that you're testing the behavior the user would see in the browser. Learn more at https://reactjs.org/link/wrap-tests-with-act
    at StatusBar (/home/ralph/app/src/renderer/components/StatusBar/StatusBar.tsx:6:22)

[90mstderr[2m | tests/unit/status-bar.test.tsx[2m > [22m[2mStatusBar Component[2m > [22m[2mLayout and Styling[2m > [22m[2mhas correct height and background color
[22m[39mWarning: An update to StatusBar inside a test was not wrapped in act(...).

When testing, code that causes React state updates should be wrapped into act(...):

act(() => {
  /* fire events that update state */
});
/* assert on the output */

This ensures that you're testing the behavior the user would see in the browser. Learn more at https://reactjs.org/link/wrap-tests-with-act
    at StatusBar (/home/ralph/app/src/renderer/components/StatusBar/StatusBar.tsx:6:22)

[90mstderr[2m | tests/unit/status-bar.test.tsx[2m > [22m[2mStatusBar Component[2m > [22m[2mLayout and Styling[2m > [22m[2muses flex layout for content positioning
[22m[39mWarning: An update to StatusBar inside a test was not wrapped in act(...).

When testing, code that causes React state updates should be wrapped into act(...):

act(() => {
  /* fire events that update state */
});
/* assert on the output */

This ensures that you're testing the behavior the user would see in the browser. Learn more at https://reactjs.org/link/wrap-tests-with-act
    at StatusBar (/home/ralph/app/src/renderer/components/StatusBar/StatusBar.tsx:6:22)

[90mstderr[2m | tests/unit/status-bar.test.tsx[2m > [22m[2mStatusBar Component[2m > [22m[2mLayout and Styling[2m > [22m[2mhas high z-index to stay above other content
[22m[39mWarning: An update to StatusBar inside a test was not wrapped in act(...).

When testing, code that causes React state updates should be wrapped into act(...):

act(() => {
  /* fire events that update state */
});
/* assert on the output */

This ensures that you're testing the behavior the user would see in the browser. Learn more at https://reactjs.org/link/wrap-tests-with-act
    at StatusBar (/home/ralph/app/src/renderer/components/StatusBar/StatusBar.tsx:6:22)

 [32m✓[39m tests/unit/use-docker-status.test.tsx [2m([22m[2m13 tests[22m[2m)[22m[33m 799[2mms[22m[39m
 [32m✓[39m tests/unit/status-bar.test.tsx [2m([22m[2m21 tests[22m[2m)[22m[33m 561[2mms[22m[39m
 [32m✓[39m tests/unit/use-active-loops.test.tsx [2m([22m[2m20 tests[22m[2m)[22m[33m 1076[2mms[22m[39m
[90mstderr[2m | tests/unit/app-navigation.test.tsx[2m > [22m[2mApp Navigation[2m > [22m[2mrenders with Projects tab active by default
[22m[39mWarning: An update to StatusBar inside a test was not wrapped in act(...).

When testing, code that causes React state updates should be wrapped into act(...):

act(() => {
  /* fire events that update state */
});
/* assert on the output */

This ensures that you're testing the behavior the user would see in the browser. Learn more at https://reactjs.org/link/wrap-tests-with-act
    at StatusBar (/home/ralph/app/src/renderer/components/StatusBar/StatusBar.tsx:6:22)
    at footer
    at div
    at Layout (/home/ralph/app/src/renderer/components/Layout/Layout.tsx:4:19)
    at App (/home/ralph/app/src/renderer/App.tsx:33:71)

[90mstderr[2m | tests/unit/toast.test.tsx[2m > [22m[2mToast Component[2m > [22m[2mAuto-dismiss[2m > [22m[2mcalls onDismiss after default duration (5000ms)
[22m[39mWarning: An update to ToastItem inside a test was not wrapped in act(...).

When testing, code that causes React state updates should be wrapped into act(...):

act(() => {
  /* fire events that update state */
});
/* assert on the output */

This ensures that you're testing the behavior the user would see in the browser. Learn more at https://reactjs.org/link/wrap-tests-with-act
    at ToastItem (/home/ralph/app/src/renderer/components/Toast/Toast.tsx:17:22)
    at div
    at Toast (/home/ralph/app/src/renderer/components/Toast/Toast.tsx:6:18)

[90mstderr[2m | tests/unit/toast.test.tsx[2m > [22m[2mToast Component[2m > [22m[2mAuto-dismiss[2m > [22m[2mcalls onDismiss after custom duration
[22m[39mWarning: An update to ToastItem inside a test was not wrapped in act(...).

When testing, code that causes React state updates should be wrapped into act(...):

act(() => {
  /* fire events that update state */
});
/* assert on the output */

This ensures that you're testing the behavior the user would see in the browser. Learn more at https://reactjs.org/link/wrap-tests-with-act
    at ToastItem (/home/ralph/app/src/renderer/components/Toast/Toast.tsx:17:22)
    at div
    at Toast (/home/ralph/app/src/renderer/components/Toast/Toast.tsx:6:18)

[90mstderr[2m | tests/unit/toast.test.tsx[2m > [22m[2mToast Component[2m > [22m[2mAuto-dismiss[2m > [22m[2mdoes not dismiss before duration expires
[22m[39mWarning: An update to ToastItem inside a test was not wrapped in act(...).

When testing, code that causes React state updates should be wrapped into act(...):

act(() => {
  /* fire events that update state */
});
/* assert on the output */

This ensures that you're testing the behavior the user would see in the browser. Learn more at https://reactjs.org/link/wrap-tests-with-act
    at ToastItem (/home/ralph/app/src/renderer/components/Toast/Toast.tsx:17:22)
    at div
    at Toast (/home/ralph/app/src/renderer/components/Toast/Toast.tsx:6:18)

[90mstderr[2m | tests/unit/toast.test.tsx[2m > [22m[2mToast Component[2m > [22m[2mAuto-dismiss[2m > [22m[2mdismisses multiple toasts independently
[22m[39mWarning: An update to ToastItem inside a test was not wrapped in act(...).

When testing, code that causes React state updates should be wrapped into act(...):

act(() => {
  /* fire events that update state */
});
/* assert on the output */

This ensures that you're testing the behavior the user would see in the browser. Learn more at https://reactjs.org/link/wrap-tests-with-act
    at ToastItem (/home/ralph/app/src/renderer/components/Toast/Toast.tsx:17:22)
    at div
    at Toast (/home/ralph/app/src/renderer/components/Toast/Toast.tsx:6:18)
Warning: An update to ToastItem inside a test was not wrapped in act(...).

When testing, code that causes React state updates should be wrapped into act(...):

act(() => {
  /* fire events that update state */
});
/* assert on the output */

This ensures that you're testing the behavior the user would see in the browser. Learn more at https://reactjs.org/link/wrap-tests-with-act
    at ToastItem (/home/ralph/app/src/renderer/components/Toast/Toast.tsx:17:22)
    at div
    at Toast (/home/ralph/app/src/renderer/components/Toast/Toast.tsx:6:18)

[90mstderr[2m | tests/unit/app.test.tsx[2m > [22m[2mApp[2m > [22m[2mrenders the tab navigation
[22m[39mWarning: An update to ProjectsTab inside a test was not wrapped in act(...).

When testing, code that causes React state updates should be wrapped into act(...):

act(() => {
  /* fire events that update state */
});
/* assert on the output */

This ensures that you're testing the behavior the user would see in the browser. Learn more at https://reactjs.org/link/wrap-tests-with-act
    at ProjectsTab (/home/ralph/app/src/renderer/pages/ProjectsTab/ProjectsTab.tsx:14:24)
    at main
    at div
    at Layout (/home/ralph/app/src/renderer/components/Layout/Layout.tsx:4:19)
    at App (/home/ralph/app/src/renderer/App.tsx:33:71)
Warning: An update to ProjectsTab inside a test was not wrapped in act(...).

When testing, code that causes React state updates should be wrapped into act(...):

act(() => {
  /* fire events that update state */
});
/* assert on the output */

This ensures that you're testing the behavior the user would see in the browser. Learn more at https://reactjs.org/link/wrap-tests-with-act
    at ProjectsTab (/home/ralph/app/src/renderer/pages/ProjectsTab/ProjectsTab.tsx:14:24)
    at main
    at div
    at Layout (/home/ralph/app/src/renderer/components/Layout/Layout.tsx:4:19)
    at App (/home/ralph/app/src/renderer/App.tsx:33:71)
Warning: An update to StatusBar inside a test was not wrapped in act(...).

When testing, code that causes React state updates should be wrapped into act(...):

act(() => {
  /* fire events that update state */
});
/* assert on the output */

This ensures that you're testing the behavior the user would see in the browser. Learn more at https://reactjs.org/link/wrap-tests-with-act
    at StatusBar (/home/ralph/app/src/renderer/components/StatusBar/StatusBar.tsx:6:22)
    at footer
    at div
    at Layout (/home/ralph/app/src/renderer/components/Layout/Layout.tsx:4:19)
    at App (/home/ralph/app/src/renderer/App.tsx:33:71)

[90mstderr[2m | tests/unit/app.test.tsx[2m > [22m[2mApp[2m > [22m[2mrenders the Projects tab content by default
[22m[39mWarning: An update to ProjectsTab inside a test was not wrapped in act(...).

When testing, code that causes React state updates should be wrapped into act(...):

act(() => {
  /* fire events that update state */
});
/* assert on the output */

This ensures that you're testing the behavior the user would see in the browser. Learn more at https://reactjs.org/link/wrap-tests-with-act
    at ProjectsTab (/home/ralph/app/src/renderer/pages/ProjectsTab/ProjectsTab.tsx:14:24)
    at main
    at div
    at Layout (/home/ralph/app/src/renderer/components/Layout/Layout.tsx:4:19)
    at App (/home/ralph/app/src/renderer/App.tsx:33:71)
Warning: An update to ProjectsTab inside a test was not wrapped in act(...).

When testing, code that causes React state updates should be wrapped into act(...):

act(() => {
  /* fire events that update state */
});
/* assert on the output */

This ensures that you're testing the behavior the user would see in the browser. Learn more at https://reactjs.org/link/wrap-tests-with-act
    at ProjectsTab (/home/ralph/app/src/renderer/pages/ProjectsTab/ProjectsTab.tsx:14:24)
    at main
    at div
    at Layout (/home/ralph/app/src/renderer/components/Layout/Layout.tsx:4:19)
    at App (/home/ralph/app/src/renderer/App.tsx:33:71)
Warning: An update to StatusBar inside a test was not wrapped in act(...).

When testing, code that causes React state updates should be wrapped into act(...):

act(() => {
  /* fire events that update state */
});
/* assert on the output */

This ensures that you're testing the behavior the user would see in the browser. Learn more at https://reactjs.org/link/wrap-tests-with-act
    at StatusBar (/home/ralph/app/src/renderer/components/StatusBar/StatusBar.tsx:6:22)
    at footer
    at div
    at Layout (/home/ralph/app/src/renderer/components/Layout/Layout.tsx:4:19)
    at App (/home/ralph/app/src/renderer/App.tsx:33:71)

[90mstderr[2m | tests/unit/app.test.tsx[2m > [22m[2mApp[2m > [22m[2mrenders the StatusBar component
[22m[39mWarning: An update to ProjectsTab inside a test was not wrapped in act(...).

When testing, code that causes React state updates should be wrapped into act(...):

act(() => {
  /* fire events that update state */
});
/* assert on the output */

This ensures that you're testing the behavior the user would see in the browser. Learn more at https://reactjs.org/link/wrap-tests-with-act
    at ProjectsTab (/home/ralph/app/src/renderer/pages/ProjectsTab/ProjectsTab.tsx:14:24)
    at main
    at div
    at Layout (/home/ralph/app/src/renderer/components/Layout/Layout.tsx:4:19)
    at App (/home/ralph/app/src/renderer/App.tsx:33:71)
Warning: An update to ProjectsTab inside a test was not wrapped in act(...).

When testing, code that causes React state updates should be wrapped into act(...):

act(() => {
  /* fire events that update state */
});
/* assert on the output */

This ensures that you're testing the behavior the user would see in the browser. Learn more at https://reactjs.org/link/wrap-tests-with-act
    at ProjectsTab (/home/ralph/app/src/renderer/pages/ProjectsTab/ProjectsTab.tsx:14:24)
    at main
    at div
    at Layout (/home/ralph/app/src/renderer/components/Layout/Layout.tsx:4:19)
    at App (/home/ralph/app/src/renderer/App.tsx:33:71)
Warning: An update to StatusBar inside a test was not wrapped in act(...).

When testing, code that causes React state updates should be wrapped into act(...):

act(() => {
  /* fire events that update state */
});
/* assert on the output */

This ensures that you're testing the behavior the user would see in the browser. Learn more at https://reactjs.org/link/wrap-tests-with-act
    at StatusBar (/home/ralph/app/src/renderer/components/StatusBar/StatusBar.tsx:6:22)
    at footer
    at div
    at Layout (/home/ralph/app/src/renderer/components/Layout/Layout.tsx:4:19)
    at App (/home/ralph/app/src/renderer/App.tsx:33:71)

 [32m✓[39m tests/unit/app.test.tsx [2m([22m[2m3 tests[22m[2m)[22m[33m 2658[2mms[22m[39m
     [33m[2m✓[22m[39m renders the tab navigation [33m 2256[2mms[22m[39m
     [33m[2m✓[22m[39m renders the Projects tab content by default [33m 340[2mms[22m[39m
[90mstderr[2m | tests/unit/app-navigation.test.tsx[2m > [22m[2mApp Navigation[2m > [22m[2mrenders all four tabs
[22m[39mWarning: An update to StatusBar inside a test was not wrapped in act(...).

When testing, code that causes React state updates should be wrapped into act(...):

act(() => {
  /* fire events that update state */
});
/* assert on the output */

This ensures that you're testing the behavior the user would see in the browser. Learn more at https://reactjs.org/link/wrap-tests-with-act
    at StatusBar (/home/ralph/app/src/renderer/components/StatusBar/StatusBar.tsx:6:22)
    at footer
    at div
    at Layout (/home/ralph/app/src/renderer/components/Layout/Layout.tsx:4:19)
    at App (/home/ralph/app/src/renderer/App.tsx:33:71)

[90mstderr[2m | tests/unit/app-navigation.test.tsx[2m > [22m[2mApp Navigation[2m > [22m[2mswitches to Loops tab when clicked
[22m[39mWarning: An update to StatusBar inside a test was not wrapped in act(...).

When testing, code that causes React state updates should be wrapped into act(...):

act(() => {
  /* fire events that update state */
});
/* assert on the output */

This ensures that you're testing the behavior the user would see in the browser. Learn more at https://reactjs.org/link/wrap-tests-with-act
    at StatusBar (/home/ralph/app/src/renderer/components/StatusBar/StatusBar.tsx:6:22)
    at footer
    at div
    at Layout (/home/ralph/app/src/renderer/components/Layout/Layout.tsx:4:19)
    at App (/home/ralph/app/src/renderer/App.tsx:33:71)
Warning: An update to App inside a test was not wrapped in act(...).

When testing, code that causes React state updates should be wrapped into act(...):

act(() => {
  /* fire events that update state */
});
/* assert on the output */

This ensures that you're testing the behavior the user would see in the browser. Learn more at https://reactjs.org/link/wrap-tests-with-act
    at App (/home/ralph/app/src/renderer/App.tsx:33:71)

[90mstdout[2m | tests/unit/projects-tab.test.tsx[2m > [22m[2mProjectsTab[2m > [22m[2mAction Buttons[2m > [22m[2mcalls onRunProject callback when Run is clicked
[22m[39mRun project clicked: 697f3083-dc5f-47a2-ae26-87115f3eccb1

 [32m✓[39m tests/unit/projects-tab.test.tsx [2m([22m[2m14 tests[22m[2m)[22m[33m 3461[2mms[22m[39m
       [33m[2m✓[22m[39m shows empty state when no projects exist [33m 799[2mms[22m[39m
       [33m[2m✓[22m[39m shows Add Project button when projects exist [33m 760[2mms[22m[39m
       [33m[2m✓[22m[39m renders action buttons for each project [33m 729[2mms[22m[39m
       [33m[2m✓[22m[39m calls onRunProject callback when Run is clicked [33m 353[2mms[22m[39m
[90mstderr[2m | tests/unit/loop-recovery.test.ts[2m > [22m[2mLoopRunner - recoverLoops[2m > [22m[2merror handling[2m > [22m[2mcontinues recovery if one container fails
[22m[39mFailed to recover container container-2: Error: Stream failed
    at [90m/home/ralph/app/[39mtests/unit/loop-recovery.test.ts:247:32
    at [90mfile:///home/ralph/app/[39mnode_modules/[4m@vitest/runner[24m/dist/index.js:145:11
    at [90mfile:///home/ralph/app/[39mnode_modules/[4m@vitest/runner[24m/dist/index.js:915:26
    at [90mfile:///home/ralph/app/[39mnode_modules/[4m@vitest/runner[24m/dist/index.js:1243:20
    at new Promise (<anonymous>)
    at runWithTimeout [90m(file:///home/ralph/app/[39mnode_modules/[4m@vitest/runner[24m/dist/index.js:1209:10[90m)[39m
    at [90mfile:///home/ralph/app/[39mnode_modules/[4m@vitest/runner[24m/dist/index.js:1653:37
    at Traces.$ [90m(file:///home/ralph/app/[39mnode_modules/[4mvitest[24m/dist/chunks/traces.CCmnQaNT.js:142:27[90m)[39m
    at trace [90m(file:///home/ralph/app/[39mnode_modules/[4mvitest[24m/dist/chunks/test.B8ej_ZHS.js:239:21[90m)[39m
    at runTest [90m(file:///home/ralph/app/[39mnode_modules/[4m@vitest/runner[24m/dist/index.js:1653:12[90m)[39m

[90mstderr[2m | tests/unit/loop-recovery.test.ts[2m > [22m[2mLoopRunner - recoverLoops[2m > [22m[2merror handling[2m > [22m[2mhandles projectStore.getProject throwing error
[22m[39mFailed to recover container container-2: Error: Database error
    at Object.<anonymous> [90m(/home/ralph/app/[39mtests/unit/loop-recovery.test.ts:274:17[90m)[39m
    at Object.Mock [as getProject] [90m(file:///home/ralph/app/[39mnode_modules/[4m@vitest/spy[24m/dist/index.js:285:34[90m)[39m
    at LoopRunner.recoverLoops [90m(/home/ralph/app/[39msrc/services/loop-runner.ts:297:38[90m)[39m
[90m    at processTicksAndRejections (node:internal/process/task_queues:95:5)[39m
    at [90m/home/ralph/app/[39mtests/unit/loop-recovery.test.ts:285:25
    at [90mfile:///home/ralph/app/[39mnode_modules/[4m@vitest/runner[24m/dist/index.js:915:20

 [32m✓[39m tests/unit/loop-recovery.test.ts [2m([22m[2m14 tests[22m[2m)[22m[32m 82[2mms[22m[39m
[90mstderr[2m | tests/unit/app-navigation.test.tsx[2m > [22m[2mApp Navigation[2m > [22m[2mswitches to Terminal tab when clicked
[22m[39mWarning: An update to StatusBar inside a test was not wrapped in act(...).

When testing, code that causes React state updates should be wrapped into act(...):

act(() => {
  /* fire events that update state */
});
/* assert on the output */

This ensures that you're testing the behavior the user would see in the browser. Learn more at https://reactjs.org/link/wrap-tests-with-act
    at StatusBar (/home/ralph/app/src/renderer/components/StatusBar/StatusBar.tsx:6:22)
    at footer
    at div
    at Layout (/home/ralph/app/src/renderer/components/Layout/Layout.tsx:4:19)
    at App (/home/ralph/app/src/renderer/App.tsx:33:71)
Warning: An update to App inside a test was not wrapped in act(...).

When testing, code that causes React state updates should be wrapped into act(...):

act(() => {
  /* fire events that update state */
});
/* assert on the output */

This ensures that you're testing the behavior the user would see in the browser. Learn more at https://reactjs.org/link/wrap-tests-with-act
    at App (/home/ralph/app/src/renderer/App.tsx:33:71)

 [32m✓[39m tests/unit/toast.test.tsx [2m([22m[2m26 tests[22m[2m)[22m[33m 3520[2mms[22m[39m
       [33m[2m✓[22m[39m renders toast with correct role and aria-live attributes [33m 832[2mms[22m[39m
       [33m[2m✓[22m[39m renders success toast with correct styling and icon [33m 313[2mms[22m[39m
       [33m[2m✓[22m[39m calls onDismiss when close button is clicked [33m 651[2mms[22m[39m
       [33m[2m✓[22m[39m clicking close button on one toast does not affect others [33m 478[2mms[22m[39m
[90mstderr[2m | tests/unit/app-navigation.test.tsx[2m > [22m[2mApp Navigation[2m > [22m[2mswitches to Settings tab when clicked
[22m[39mWarning: An update to StatusBar inside a test was not wrapped in act(...).

When testing, code that causes React state updates should be wrapped into act(...):

act(() => {
  /* fire events that update state */
});
/* assert on the output */

This ensures that you're testing the behavior the user would see in the browser. Learn more at https://reactjs.org/link/wrap-tests-with-act
    at StatusBar (/home/ralph/app/src/renderer/components/StatusBar/StatusBar.tsx:6:22)
    at footer
    at div
    at Layout (/home/ralph/app/src/renderer/components/Layout/Layout.tsx:4:19)
    at App (/home/ralph/app/src/renderer/App.tsx:33:71)
Warning: An update to App inside a test was not wrapped in act(...).

When testing, code that causes React state updates should be wrapped into act(...):

act(() => {
  /* fire events that update state */
});
/* assert on the output */

This ensures that you're testing the behavior the user would see in the browser. Learn more at https://reactjs.org/link/wrap-tests-with-act
    at App (/home/ralph/app/src/renderer/App.tsx:33:71)

[90mstderr[2m | tests/unit/app-navigation.test.tsx[2m > [22m[2mApp Navigation[2m > [22m[2mswitches tabs with Ctrl+1 keyboard shortcut
[22m[39mWarning: An update to StatusBar inside a test was not wrapped in act(...).

When testing, code that causes React state updates should be wrapped into act(...):

act(() => {
  /* fire events that update state */
});
/* assert on the output */

This ensures that you're testing the behavior the user would see in the browser. Learn more at https://reactjs.org/link/wrap-tests-with-act
    at StatusBar (/home/ralph/app/src/renderer/components/StatusBar/StatusBar.tsx:6:22)
    at footer
    at div
    at Layout (/home/ralph/app/src/renderer/components/Layout/Layout.tsx:4:19)
    at App (/home/ralph/app/src/renderer/App.tsx:33:71)

 [32m✓[39m tests/unit/project-row.test.tsx [2m([22m[2m23 tests[22m[2m)[22m[33m 4447[2mms[22m[39m
       [33m[2m✓[22m[39m renders all action buttons [33m 1174[2mms[22m[39m
       [33m[2m✓[22m[39m calls onRun when Run button is clicked [33m 486[2mms[22m[39m
       [33m[2m✓[22m[39m calls onEdit when Edit button is clicked [33m 480[2mms[22m[39m
       [33m[2m✓[22m[39m has appropriate button titles [33m 317[2mms[22m[39m
[90mstderr[2m | tests/unit/app-navigation.test.tsx[2m > [22m[2mApp Navigation[2m > [22m[2mswitches tabs with Ctrl+2 keyboard shortcut
[22m[39mWarning: An update to StatusBar inside a test was not wrapped in act(...).

When testing, code that causes React state updates should be wrapped into act(...):

act(() => {
  /* fire events that update state */
});
/* assert on the output */

This ensures that you're testing the behavior the user would see in the browser. Learn more at https://reactjs.org/link/wrap-tests-with-act
    at StatusBar (/home/ralph/app/src/renderer/components/StatusBar/StatusBar.tsx:6:22)
    at footer
    at div
    at Layout (/home/ralph/app/src/renderer/components/Layout/Layout.tsx:4:19)
    at App (/home/ralph/app/src/renderer/App.tsx:33:71)
Warning: An update to App inside a test was not wrapped in act(...).

When testing, code that causes React state updates should be wrapped into act(...):

act(() => {
  /* fire events that update state */
});
/* assert on the output */

This ensures that you're testing the behavior the user would see in the browser. Learn more at https://reactjs.org/link/wrap-tests-with-act
    at App (/home/ralph/app/src/renderer/App.tsx:33:71)

[90mstderr[2m | tests/unit/app-navigation.test.tsx[2m > [22m[2mApp Navigation[2m > [22m[2mswitches tabs with Ctrl+3 keyboard shortcut
[22m[39mWarning: An update to StatusBar inside a test was not wrapped in act(...).

When testing, code that causes React state updates should be wrapped into act(...):

act(() => {
  /* fire events that update state */
});
/* assert on the output */

This ensures that you're testing the behavior the user would see in the browser. Learn more at https://reactjs.org/link/wrap-tests-with-act
    at StatusBar (/home/ralph/app/src/renderer/components/StatusBar/StatusBar.tsx:6:22)
    at footer
    at div
    at Layout (/home/ralph/app/src/renderer/components/Layout/Layout.tsx:4:19)
    at App (/home/ralph/app/src/renderer/App.tsx:33:71)
Warning: An update to App inside a test was not wrapped in act(...).

When testing, code that causes React state updates should be wrapped into act(...):

act(() => {
  /* fire events that update state */
});
/* assert on the output */

This ensures that you're testing the behavior the user would see in the browser. Learn more at https://reactjs.org/link/wrap-tests-with-act
    at App (/home/ralph/app/src/renderer/App.tsx:33:71)

[90mstderr[2m | tests/unit/app-navigation.test.tsx[2m > [22m[2mApp Navigation[2m > [22m[2mswitches tabs with Ctrl+4 keyboard shortcut
[22m[39mWarning: An update to StatusBar inside a test was not wrapped in act(...).

When testing, code that causes React state updates should be wrapped into act(...):

act(() => {
  /* fire events that update state */
});
/* assert on the output */

This ensures that you're testing the behavior the user would see in the browser. Learn more at https://reactjs.org/link/wrap-tests-with-act
    at StatusBar (/home/ralph/app/src/renderer/components/StatusBar/StatusBar.tsx:6:22)
    at footer
    at div
    at Layout (/home/ralph/app/src/renderer/components/Layout/Layout.tsx:4:19)
    at App (/home/ralph/app/src/renderer/App.tsx:33:71)
Warning: An update to App inside a test was not wrapped in act(...).

When testing, code that causes React state updates should be wrapped into act(...):

act(() => {
  /* fire events that update state */
});
/* assert on the output */

This ensures that you're testing the behavior the user would see in the browser. Learn more at https://reactjs.org/link/wrap-tests-with-act
    at App (/home/ralph/app/src/renderer/App.tsx:33:71)

[90mstderr[2m | tests/unit/scheduler.test.ts[2m > [22m[2mLoopScheduler[2m > [22m[2mscheduleLoop - interval-based[2m > [22m[2mshould not cancel schedule if loop start fails
[22m[39m[Scheduler] Failed to trigger loop for project proj-6: Error: Docker unavailable
    at [90m/home/ralph/app/[39mtests/unit/scheduler.test.ts:238:9
    at [90mfile:///home/ralph/app/[39mnode_modules/[4m@vitest/runner[24m/dist/index.js:145:11
    at [90mfile:///home/ralph/app/[39mnode_modules/[4m@vitest/runner[24m/dist/index.js:915:26
    at [90mfile:///home/ralph/app/[39mnode_modules/[4m@vitest/runner[24m/dist/index.js:1243:20
    at new Promise (<anonymous>)
    at runWithTimeout [90m(file:///home/ralph/app/[39mnode_modules/[4m@vitest/runner[24m/dist/index.js:1209:10[90m)[39m
    at [90mfile:///home/ralph/app/[39mnode_modules/[4m@vitest/runner[24m/dist/index.js:1653:37
    at Traces.$ [90m(file:///home/ralph/app/[39mnode_modules/[4mvitest[24m/dist/chunks/traces.CCmnQaNT.js:142:27[90m)[39m
    at trace [90m(file:///home/ralph/app/[39mnode_modules/[4mvitest[24m/dist/chunks/test.B8ej_ZHS.js:239:21[90m)[39m
    at runTest [90m(file:///home/ralph/app/[39mnode_modules/[4m@vitest/runner[24m/dist/index.js:1653:12[90m)[39m

 [32m✓[39m tests/unit/scheduler.test.ts [2m([22m[2m41 tests[22m[2m)[22m[32m 135[2mms[22m[39m
[90mstderr[2m | tests/unit/app-navigation.test.tsx[2m > [22m[2mApp Navigation[2m > [22m[2mignores keyboard shortcuts without Ctrl key
[22m[39mWarning: An update to StatusBar inside a test was not wrapped in act(...).

When testing, code that causes React state updates should be wrapped into act(...):

act(() => {
  /* fire events that update state */
});
/* assert on the output */

This ensures that you're testing the behavior the user would see in the browser. Learn more at https://reactjs.org/link/wrap-tests-with-act
    at StatusBar (/home/ralph/app/src/renderer/components/StatusBar/StatusBar.tsx:6:22)
    at footer
    at div
    at Layout (/home/ralph/app/src/renderer/components/Layout/Layout.tsx:4:19)
    at App (/home/ralph/app/src/renderer/App.tsx:33:71)

[90mstderr[2m | tests/unit/app-navigation.test.tsx[2m > [22m[2mApp Navigation[2m > [22m[2mignores invalid keyboard shortcuts
[22m[39mWarning: An update to StatusBar inside a test was not wrapped in act(...).

When testing, code that causes React state updates should be wrapped into act(...):

act(() => {
  /* fire events that update state */
});
/* assert on the output */

This ensures that you're testing the behavior the user would see in the browser. Learn more at https://reactjs.org/link/wrap-tests-with-act
    at StatusBar (/home/ralph/app/src/renderer/components/StatusBar/StatusBar.tsx:6:22)
    at footer
    at div
    at Layout (/home/ralph/app/src/renderer/components/Layout/Layout.tsx:4:19)
    at App (/home/ralph/app/src/renderer/App.tsx:33:71)

 [32m✓[39m tests/unit/app-navigation.test.tsx [2m([22m[2m12 tests[22m[2m)[22m[33m 6051[2mms[22m[39m
     [33m[2m✓[22m[39m renders with Projects tab active by default [33m 1741[2mms[22m[39m
     [33m[2m✓[22m[39m renders all four tabs [33m 977[2mms[22m[39m
     [33m[2m✓[22m[39m switches to Loops tab when clicked [33m 509[2mms[22m[39m
     [33m[2m✓[22m[39m switches to Terminal tab when clicked [33m 410[2mms[22m[39m
     [33m[2m✓[22m[39m switches to Settings tab when clicked [33m 437[2mms[22m[39m
     [33m[2m✓[22m[39m switches tabs with Ctrl+1 keyboard shortcut [33m 497[2mms[22m[39m
     [33m[2m✓[22m[39m switches tabs with Ctrl+4 keyboard shortcut [33m 350[2mms[22m[39m
     [33m[2m✓[22m[39m ignores keyboard shortcuts without Ctrl key [33m 341[2mms[22m[39m
 [32m✓[39m tests/unit/asset-injector.test.ts [2m([22m[2m18 tests[22m[2m)[22m[33m 355[2mms[22m[39m
 [32m✓[39m tests/unit/docker-manager-logs.test.ts [2m([22m[2m11 tests[22m[2m)[22m[32m 182[2mms[22m[39m
 [32m✓[39m tests/unit/layout.test.tsx [2m([22m[2m11 tests[22m[2m)[22m[32m 285[2mms[22m[39m
 [32m✓[39m tests/unit/tab-bar.test.tsx [2m([22m[2m9 tests[22m[2m)[22m[33m 331[2mms[22m[39m
 [32m✓[39m tests/unit/app-store.test.ts [2m([22m[2m27 tests[22m[2m)[22m[32m 157[2mms[22m[39m
[90mstderr[2m | tests/unit/credential-manager.test.ts[2m > [22m[2mCredentialManager[2m > [22m[2mgetApiKey[2m > [22m[2mshould return null if decryption fails
[22m[39m[CredentialManager] Failed to decrypt key for anthropic: Error: Decryption failed
    at Object.<anonymous> [90m(/home/ralph/app/[39mtests/unit/credential-manager.test.ts:182:15[90m)[39m
    at Object.Mock [as decryptString] [90m(file:///home/ralph/app/[39mnode_modules/[4m@vitest/spy[24m/dist/index.js:285:34[90m)[39m
    at CredentialManager.getApiKey [90m(/home/ralph/app/[39msrc/services/credential-manager.ts:79:37[90m)[39m
    at [90m/home/ralph/app/[39mtests/unit/credential-manager.test.ts:185:49
[90m    at processTicksAndRejections (node:internal/process/task_queues:95:5)[39m
    at [90mfile:///home/ralph/app/[39mnode_modules/[4m@vitest/runner[24m/dist/index.js:915:20

[90mstderr[2m | tests/unit/credential-manager.test.ts[2m > [22m[2mCredentialManager[2m > [22m[2merror handling[2m > [22m[2mshould handle corrupt credentials.json gracefully
[22m[39m[CredentialManager] Failed to load credentials: SyntaxError: Unexpected token 'i', "invalid json {{{" is not valid JSON
    at JSON.parse (<anonymous>)
    at CredentialManager.loadCredentials [90m(/home/ralph/app/[39msrc/services/credential-manager.ts:115:19[90m)[39m
    at CredentialManager.listStoredServices [90m(/home/ralph/app/[39msrc/services/credential-manager.ts:105:30[90m)[39m
    at [90m/home/ralph/app/[39mtests/unit/credential-manager.test.ts:297:48
    at [90mfile:///home/ralph/app/[39mnode_modules/[4m@vitest/runner[24m/dist/index.js:145:11
    at [90mfile:///home/ralph/app/[39mnode_modules/[4m@vitest/runner[24m/dist/index.js:915:26
    at [90mfile:///home/ralph/app/[39mnode_modules/[4m@vitest/runner[24m/dist/index.js:1243:20
    at new Promise (<anonymous>)
    at runWithTimeout [90m(file:///home/ralph/app/[39mnode_modules/[4m@vitest/runner[24m/dist/index.js:1209:10[90m)[39m
    at [90mfile:///home/ralph/app/[39mnode_modules/[4m@vitest/runner[24m/dist/index.js:1653:37

[90mstderr[2m | tests/unit/credential-manager.test.ts[2m > [22m[2mCredentialManager[2m > [22m[2merror handling[2m > [22m[2mshould handle corrupt credentials.json gracefully
[22m[39m[CredentialManager] Failed to load credentials: SyntaxError: Unexpected token 'i', "invalid json {{{" is not valid JSON
    at JSON.parse (<anonymous>)
    at CredentialManager.loadCredentials [90m(/home/ralph/app/[39msrc/services/credential-manager.ts:115:19[90m)[39m
    at CredentialManager.getApiKey [90m(/home/ralph/app/[39msrc/services/credential-manager.ts:66:30[90m)[39m
    at [90m/home/ralph/app/[39mtests/unit/credential-manager.test.ts:301:43
[90m    at processTicksAndRejections (node:internal/process/task_queues:95:5)[39m
    at [90mfile:///home/ralph/app/[39mnode_modules/[4m@vitest/runner[24m/dist/index.js:915:20

[90mstderr[2m | tests/unit/credential-manager.test.ts[2m > [22m[2mCredentialManager[2m > [22m[2merror handling[2m > [22m[2mshould handle corrupt credentials.json gracefully
[22m[39m[CredentialManager] Failed to load credentials: SyntaxError: Unexpected token 'i', "invalid json {{{" is not valid JSON
    at JSON.parse (<anonymous>)
    at CredentialManager.loadCredentials [90m(/home/ralph/app/[39msrc/services/credential-manager.ts:115:19[90m)[39m
    at CredentialManager.storeApiKey [90m(/home/ralph/app/[39msrc/services/credential-manager.ts:52:30[90m)[39m
    at [90m/home/ralph/app/[39mtests/unit/credential-manager.test.ts:305:31
[90m    at processTicksAndRejections (node:internal/process/task_queues:95:5)[39m
    at [90mfile:///home/ralph/app/[39mnode_modules/[4m@vitest/runner[24m/dist/index.js:915:20

 [32m✓[39m tests/unit/credential-manager.test.ts [2m([22m[2m26 tests[22m[2m)[22m[32m 135[2mms[22m[39m
 [32m✓[39m tests/unit/docker-health.test.ts [2m([22m[2m34 tests[22m[2m)[22m[32m 76[2mms[22m[39m
 [32m✓[39m tests/unit/login-manager.test.ts [2m([22m[2m19 tests[22m[2m)[22m[32m 58[2mms[22m[39m
[90mstderr[2m | tests/unit/docker-manager-exec.test.ts[2m > [22m[2mDockerManager — exec sessions[2m > [22m[2mcreateExecSession[2m > [22m[2mshould handle resize failure gracefully
[22m[39mInitial resize failed: Error: Not ready
    at [90m/home/ralph/app/[39mtests/unit/docker-manager-exec.test.ts:292:41
    at [90mfile:///home/ralph/app/[39mnode_modules/[4m@vitest/runner[24m/dist/index.js:145:11
    at [90mfile:///home/ralph/app/[39mnode_modules/[4m@vitest/runner[24m/dist/index.js:915:26
    at [90mfile:///home/ralph/app/[39mnode_modules/[4m@vitest/runner[24m/dist/index.js:1243:20
    at new Promise (<anonymous>)
    at runWithTimeout [90m(file:///home/ralph/app/[39mnode_modules/[4m@vitest/runner[24m/dist/index.js:1209:10[90m)[39m
    at [90mfile:///home/ralph/app/[39mnode_modules/[4m@vitest/runner[24m/dist/index.js:1653:37
    at Traces.$ [90m(file:///home/ralph/app/[39mnode_modules/[4mvitest[24m/dist/chunks/traces.CCmnQaNT.js:142:27[90m)[39m
    at trace [90m(file:///home/ralph/app/[39mnode_modules/[4mvitest[24m/dist/chunks/test.B8ej_ZHS.js:239:21[90m)[39m
    at runTest [90m(file:///home/ralph/app/[39mnode_modules/[4m@vitest/runner[24m/dist/index.js:1653:12[90m)[39m

 [32m✓[39m tests/unit/docker-manager-exec.test.ts [2m([22m[2m15 tests[22m[2m)[22m[32m 132[2mms[22m[39m
 [32m✓[39m tests/unit/menu.test.ts [2m([22m[2m15 tests[22m[2m)[22m[32m 66[2mms[22m[39m
 [32m✓[39m tests/unit/project-store.test.ts [2m([22m[2m32 tests[22m[2m)[22m[32m 109[2mms[22m[39m
[90mstderr[2m | tests/unit/config-manager.test.ts[2m > [22m[2mConfigManager[2m > [22m[2mloadJson[2m > [22m[2mreturns null for any read error
[22m[39m[ConfigManager] Failed to load /tmp/zephyr-test/protected.json: Error: Permission denied
    at [90m/home/ralph/app/[39mtests/unit/config-manager.test.ts:128:33
    at [90mfile:///home/ralph/app/[39mnode_modules/[4m@vitest/runner[24m/dist/index.js:145:11
    at [90mfile:///home/ralph/app/[39mnode_modules/[4m@vitest/runner[24m/dist/index.js:915:26
    at [90mfile:///home/ralph/app/[39mnode_modules/[4m@vitest/runner[24m/dist/index.js:1243:20
    at new Promise (<anonymous>)
    at runWithTimeout [90m(file:///home/ralph/app/[39mnode_modules/[4m@vitest/runner[24m/dist/index.js:1209:10[90m)[39m
    at [90mfile:///home/ralph/app/[39mnode_modules/[4m@vitest/runner[24m/dist/index.js:1653:37
    at Traces.$ [90m(file:///home/ralph/app/[39mnode_modules/[4mvitest[24m/dist/chunks/traces.CCmnQaNT.js:142:27[90m)[39m
    at trace [90m(file:///home/ralph/app/[39mnode_modules/[4mvitest[24m/dist/chunks/test.B8ej_ZHS.js:239:21[90m)[39m
    at runTest [90m(file:///home/ralph/app/[39mnode_modules/[4m@vitest/runner[24m/dist/index.js:1653:12[90m)[39m {
  code: [32m'EACCES'[39m
}

 [32m✓[39m tests/unit/config-manager.test.ts [2m([22m[2m22 tests[22m[2m)[22m[32m 44[2mms[22m[39m
 [31m❯[39m tests/unit/project-dialog.test.tsx [2m([22m[2m23 tests[22m[2m | [22m[31m1 failed[39m[2m)[22m[33m 15248[2mms[22m[39m
       [32m✓[39m renders with "Add New Project" title[32m 134[2mms[22m[39m
       [32m✓[39m initializes with empty form fields[32m 83[2mms[22m[39m
       [33m[2m✓[22m[39m shows validation error when name is empty [33m 813[2mms[22m[39m
       [33m[2m✓[22m[39m shows validation error for invalid repo URL [33m 1807[2mms[22m[39m
[31m       [31m×[31m accepts valid repo URLs[39m[33m 5026[2mms[22m[39m
       [33m[2m✓[22m[39m creates project with correct data on submit [33m 1197[2mms[22m[39m
       [33m[2m✓[22m[39m trims whitespace from form fields [33m 805[2mms[22m[39m
       [32m✓[39m renders with "Edit Project" title[32m 34[2mms[22m[39m
       [32m✓[39m populates form fields from project data[32m 35[2mms[22m[39m
       [33m[2m✓[22m[39m preserves project ID and timestamps on update [33m 501[2mms[22m[39m
       [33m[2m✓[22m[39m updates updated_at timestamp on save [33m 605[2mms[22m[39m
       [32m✓[39m shows custom prompts count[32m 72[2mms[22m[39m
       [32m✓[39m calls onClose when close button is clicked[32m 103[2mms[22m[39m
       [32m✓[39m calls onClose when Cancel button is clicked[32m 97[2mms[22m[39m
       [32m✓[39m calls onClose when backdrop is clicked[32m 57[2mms[22m[39m
       [32m✓[39m does not close when modal content is clicked[32m 79[2mms[22m[39m
       [32m✓[39m shows "Manage Prompts" button[32m 12[2mms[22m[39m
       [32m✓[39m toggles PromptEditor visibility[32m 221[2mms[22m[39m
       [33m[2m✓[22m[39m includes custom prompts in saved project [33m 1704[2mms[22m[39m
       [32m✓[39m provides datalist suggestions[32m 24[2mms[22m[39m
       [33m[2m✓[22m[39m allows custom docker image input [33m 844[2mms[22m[39m
       [33m[2m✓[22m[39m clears name error when user starts typing [33m 355[2mms[22m[39m
       [33m[2m✓[22m[39m clears repo URL error when user starts typing [33m 630[2mms[22m[39m
 [32m✓[39m tests/unit/log-parser.test.ts [2m([22m[2m58 tests[22m[2m)[22m[32m 44[2mms[22m[39m
 [32m✓[39m tests/unit/data-handlers.test.ts [2m([22m[2m16 tests[22m[2m)[22m[32m 27[2mms[22m[39m
 [32m✓[39m tests/unit/docker-handlers.test.ts [2m([22m[2m16 tests[22m[2m)[22m[32m 33[2mms[22m[39m
 [32m✓[39m tests/unit/loop-types.test.ts [2m([22m[2m63 tests[22m[2m)[22m[32m 40[2mms[22m[39m
 [32m✓[39m tests/unit/docker-manager-connection.test.ts [2m([22m[2m18 tests[22m[2m)[22m[32m 35[2mms[22m[39m
 [32m✓[39m tests/unit/docker-manager-lifecycle.test.ts [2m([22m[2m23 tests[22m[2m)[22m[32m 26[2mms[22m[39m
 [32m✓[39m tests/unit/credential-handlers.test.ts [2m([22m[2m14 tests[22m[2m)[22m[32m 21[2mms[22m[39m
 [32m✓[39m tests/unit/models.test.ts [2m([22m[2m27 tests[22m[2m)[22m[32m 22[2mms[22m[39m
 [32m✓[39m tests/unit/loop-handlers.test.ts [2m([22m[2m11 tests[22m[2m)[22m[32m 12[2mms[22m[39m

[31m⎯⎯⎯⎯⎯⎯⎯[39m[1m[41m Failed Tests 1 [49m[22m[31m⎯⎯⎯⎯⎯⎯⎯[39m

[41m[1m FAIL [22m[49m tests/unit/project-dialog.test.tsx[2m > [22mProjectDialog[2m > [22mAdd Mode[2m > [22maccepts valid repo URLs
[31m[1mError[22m: Test timed out in 5000ms.
If this is a long-running test, pass a timeout value as the last argument or configure it globally with "testTimeout".[39m
[36m [2m❯[22m tests/unit/project-dialog.test.tsx:[2m98:5[22m[39m
    [90m 96| [39m    })[33m;[39m
    [90m 97| [39m
    [90m 98| [39m    [34mit[39m([32m'accepts valid repo URLs'[39m[33m,[39m [35masync[39m () [33m=>[39m {
    [90m   | [39m    [31m^[39m
    [90m 99| [39m      [35mconst[39m user [33m=[39m userEvent[33m.[39m[34msetup[39m()[33m;[39m
    [90m100| [39m      [35mconst[39m validUrls [33m=[39m [

[31m[2m⎯⎯⎯⎯⎯⎯⎯⎯⎯⎯⎯⎯⎯⎯⎯⎯⎯⎯⎯⎯⎯⎯⎯⎯[1/1]⎯[22m[39m


[2m Test Files [22m [1m[31m1 failed[39m[22m[2m | [22m[1m[32m34 passed[39m[22m[90m (35)[39m
[2m      Tests [22m [1m[31m1 failed[39m[22m[2m | [22m[1m[32m779 passed[39m[22m[90m (780)[39m
[2m   Start at [22m 20:05:56
[2m   Duration [22m 28.61s[2m (transform 3.61s, setup 27.33s, import 25.21s, tests 41.10s, environment 170.75s)[22m

